
Gurobi 13.0.2 (linux64) logging started Fri May 22 11:05:39 2026

Set parameter LogFile to value "data/watwa/gp_data/log_m-inst_encoder_a-upper_v-slack_s-1.0_i-0_nsi-50_nspi-9_s-7.log"
Gurobi Optimizer version 13.0.2 build v13.0.2rc1 (linux64 - "Ubuntu 22.04.3 LTS")

CPU model: 13th Gen Intel(R) Core(TM) i7-13700KF, instruction set [SSE2|AVX|AVX2]
Thread count: 12 physical cores, 24 logical processors, using up to 24 threads

Non-default parameters:
TimeLimit  3600

Academic license 2721387 - for non-commercial use only - registered to ar___@fau.de
Optimize a model with 365 rows, 625 columns and 10127 nonzeros (Min)
Model fingerprint: 0xce444663
Model has 1 linear objective coefficients
Model has 256 simple general constraints
  256 MAX
Variable types: 619 continuous, 6 integer (6 binary)
Coefficient statistics:
  Matrix range     [3e-06, 8e+00]
  Objective range  [1e+00, 1e+00]
  Bounds range     [1e+00, 1e+00]
  RHS range        [1e-04, 1e+00]

Presolve removed 310 rows and 575 columns
Presolve time: 0.01s
Presolved: 55 rows, 50 columns, 231 nonzeros
Variable types: 47 continuous, 3 integer (3 binary)
Found heuristic solution: objective -0.1610703

Root relaxation: cutoff, 28 iterations, 0.00 seconds (0.00 work units)

    Nodes    |    Current Node    |     Objective Bounds      |     Work
 Expl Unexpl |  Obj  Depth IntInf | Incumbent    BestBd   Gap | It/Node Time

     0     0     cutoff    0        -0.16107   -0.16107  0.00%     -    0s

Explored 1 nodes (28 simplex iterations) in 0.02 seconds (0.01 work units)
Thread count was 24 (of 24 available processors)

Solution count 1: -0.16107 

Optimal solution found (tolerance 1.00e-04)
Best objective -1.610703397801e-01, best bound -1.610703397801e-01, gap 0.0000%

Gurobi 13.0.2 (linux64) logging started Fri May 22 11:06:48 2026

Set parameter LogFile to value "data/watwa/gp_data/log_m-inst_encoder_a-upper_v-slack_s-1.0_i-0_nsi-50_nspi-9_s-7.log"
Gurobi Optimizer version 13.0.2 build v13.0.2rc1 (linux64 - "Ubuntu 22.04.3 LTS")

CPU model: 13th Gen Intel(R) Core(TM) i7-13700KF, instruction set [SSE2|AVX|AVX2]
Thread count: 12 physical cores, 24 logical processors, using up to 24 threads

Non-default parameters:
TimeLimit  3600

Academic license 2721387 - for non-commercial use only - registered to ar___@fau.de
Optimize a model with 365 rows, 625 columns and 10127 nonzeros (Min)
Model fingerprint: 0xce444663
Model has 1 linear objective coefficients
Model has 256 simple general constraints
  256 MAX
Variable types: 619 continuous, 6 integer (6 binary)
Coefficient statistics:
  Matrix range     [3e-06, 8e+00]
  Objective range  [1e+00, 1e+00]
  Bounds range     [1e+00, 1e+00]
  RHS range        [1e-04, 1e+00]

Presolve removed 310 rows and 575 columns
Presolve time: 0.03s
Presolved: 55 rows, 50 columns, 231 nonzeros
Variable types: 47 continuous, 3 integer (3 binary)
Found heuristic solution: objective -0.1610703

Root relaxation: cutoff, 28 iterations, 0.00 seconds (0.00 work units)

    Nodes    |    Current Node    |     Objective Bounds      |     Work
 Expl Unexpl |  Obj  Depth IntInf | Incumbent    BestBd   Gap | It/Node Time

     0     0     cutoff    0        -0.16107   -0.16107  0.00%     -    0s

Explored 1 nodes (28 simplex iterations) in 0.03 seconds (0.01 work units)
Thread count was 24 (of 24 available processors)

Solution count 1: -0.16107 

Optimal solution found (tolerance 1.00e-04)
Best objective -1.610703397801e-01, best bound -1.610703397801e-01, gap 0.0000%
